Microchip MPLAB XC8 Compiler V2.45

Linker command line:

-W-3 \
  --edf=C:\Program Files\Microchip\xc8\v2.45\pic\dat\20230818022343_en.msgs \
  -cn -h+dist/default/debug\Smart_Home_Slave.X.debug.sym \
  --cmf=dist/default/debug\Smart_Home_Slave.X.debug.cmf -z -Q18F46K20 \
  -oC:\Users\mosta\AppData\Local\Temp\xcAsh0o.\driver_tmp_3.o \
  --defsym=__MPLAB_BUILD=1 --fixupoverflow=error \
  -Mdist/default/debug/Smart_Home_Slave.X.debug.map \
  --md=C:\Users\mosta\AppData\Local\Temp\xcAsh0o.\driver_tmp_0.dat -E1 \
  -ver=XC8 Compiler --acfsm=1493 -ACODE=00h-0FFFFh -ACONST=00h-0FFFFh \
  -ASMALLCONST=01000h-010FFhx240 -AMEDIUMCONST=01000h-0FFFFh \
  -ACOMRAM=01h-05Fh -AABS1=00h-0F5Fh -ABIGRAM=01h-0F5Fh \
  -ARAM=060h-0FFh,0100h-01FFhx14,0F00h-0F5Fh -ABANK0=060h-0FFh \
  -ABANK1=0100h-01FFh -ABANK2=0200h-02FFh -ABANK3=0300h-03FFh \
  -ABANK4=0400h-04FFh -ABANK5=0500h-05FFh -ABANK6=0600h-06FFh \
  -ABANK7=0700h-07FFh -ABANK8=0800h-08FFh -ABANK9=0900h-09FFh \
  -ABANK10=0A00h-0AFFh -ABANK11=0B00h-0BFFh -ABANK12=0C00h-0CFFh \
  -ABANK13=0D00h-0DFFh -ABANK14=0E00h-0EFFh -ABANK15=0F00h-0F5Fh \
  -ASFR=0F60h-0FFFh -ABIGSFR=0F60h-0FFFh -ACONFIG=0300000h-030000Dh \
  -AIDLOC=0200000h-0200007h -AEEDATA=0F00000h-0F003FFh -peeprom_data=EEDATA \
  -preset_vec=00h,intcode=08h,intcodelo,powerup,init -pramtop=01000h \
  -psmallconst=SMALLCONST -pmediumconst=MEDIUMCONST -pconst=CONST \
  -AFARRAM=00h-00h \
  -prdata=COMRAM,nvrram=COMRAM,nvbit=COMRAM,rbss=COMRAM,rbit=COMRAM \
  -pfarbss=FARRAM,fardata=FARRAM,nvFARRAM=FARRAM \
  -pintsave_regs=BIGRAM,bigbss=BIGRAM,bigdata=BIGRAM -pbss=RAM \
  -pidata=CODE,irdata=CODE,ibigdata=CODE,ifardata=CODE -prparam=COMRAM \
  C:\Users\mosta\AppData\Local\Temp\xcAsh0o.\driver_tmp_9.o \
  dist/default/debug\Smart_Home_Slave.X.debug.o 

Object code version is 3.11

Machine type is 18F46K20



                Name                               Link     Load   Length Selector   Space Scale
C:\Users\mosta\AppData\Local\Temp\xcAsh0o.\driver_tmp_9.o
                config                           300000   300000        E        0       4
                init                                 78       78        4        4       0
                reset_vec                             0        0        4        0       0
dist/default/debug\Smart_Home_Slave.X.debug.o
                intcode                               8        8       70        4       0
                config                           300000   300000        E        0       4
                temp                                 19       19        1        1       1
                smallconst                         1000     1000        2      800       0
                text33                             138E     138E        4      801       0
                text32                             137A     137A        8      801       0
                text31                             11E8     11E8       2E      801       0
                text30                             138A     138A        4      801       0
                text29                             12CE     12CE       14      801       0
                text28                             12BA     12BA       14      801       0
                text27                             12A6     12A6       14      801       0
                text26                             1292     1292       14      801       0
                text25                             1372     1372        8      801       0
                text24                             1238     1238       22      801       0
                text23                             11BA     11BA       2E      801       0
                text22                             1386     1386        4      801       0
                text21                             136A     136A        8      801       0
                text20                             1362     1362        8      801       0
                text19                             118C     118C       2E      801       0
                text18                             1002     1002       FC      801       0
                text16                             1382     1382        4      801       0
                text15                             125A     125A       1E      801       0
                text14                             1340     1340        A      801       0
                text13                             1336     1336        A      801       0
                text12                             132C     132C        A      801       0
                text11                             1322     1322        A      801       0
                text10                             135A     135A        8      801       0
                text9                              1352     1352        8      801       0
                text8                              1318     1318        A      801       0
                text7                              130E     130E        A      801       0
                text6                              10FE     10FE       5E      801       0
                text5                              12F4     12F4       10      801       0
                text4                              134A     134A        8      801       0
                text3                              1304     1304        A      801       0
                text2                              115C     115C       30      801       0
                text1                              12E2     12E2       12      801       0
                text0                              1216     1216       22      801       0
                cstackCOMRAM                         12       12        7        1       1
                bssCOMRAM                             1        1       11        1       1
                cinit                              1278     1278       1A      801       0

TOTAL           Name                               Link     Load   Length     Space
        CLASS   CODE           
                intcode                               8        8       70         0
                init                                 78       78        4         0
                reset_vec                             0        0        4         0
                text33                             138E     138E        4         0
                text32                             137A     137A        8         0
                text31                             11E8     11E8       2E         0
                text30                             138A     138A        4         0
                text29                             12CE     12CE       14         0
                text28                             12BA     12BA       14         0
                text27                             12A6     12A6       14         0
                text26                             1292     1292       14         0
                text25                             1372     1372        8         0
                text24                             1238     1238       22         0
                text23                             11BA     11BA       2E         0
                text22                             1386     1386        4         0
                text21                             136A     136A        8         0
                text20                             1362     1362        8         0
                text19                             118C     118C       2E         0
                text18                             1002     1002       FC         0
                text16                             1382     1382        4         0
                text15                             125A     125A       1E         0
                text14                             1340     1340        A         0
                text13                             1336     1336        A         0
                text12                             132C     132C        A         0
                text11                             1322     1322        A         0
                text10                             135A     135A        8         0
                text9                              1352     1352        8         0
                text8                              1318     1318        A         0
                text7                              130E     130E        A         0
                text6                              10FE     10FE       5E         0
                text5                              12F4     12F4       10         0
                text4                              134A     134A        8         0
                text3                              1304     1304        A         0
                text2                              115C     115C       30         0
                text1                              12E2     12E2       12         0
                text0                              1216     1216       22         0
                cinit                              1278     1278       1A         0

        CLASS   CONST          

        CLASS   SMALLCONST     
                smallconst                         1000     1000        2         0

        CLASS   MEDIUMCONST    

        CLASS   COMRAM         
                temp                                 19       19        1         1
                cstackCOMRAM                         12       12        7         1
                bssCOMRAM                             1        1       11         1

        CLASS   ABS1           

        CLASS   BIGRAM         

        CLASS   RAM            

        CLASS   BANK0          

        CLASS   BANK1          

        CLASS   BANK2          

        CLASS   BANK3          

        CLASS   BANK4          

        CLASS   BANK5          

        CLASS   BANK6          

        CLASS   BANK7          

        CLASS   BANK8          

        CLASS   BANK9          

        CLASS   BANK10         

        CLASS   BANK11         

        CLASS   BANK12         

        CLASS   BANK13         

        CLASS   BANK14         

        CLASS   BANK15         

        CLASS   SFR            

        CLASS   BIGSFR         

        CLASS   CONFIG         
                config                           300000   300000        E         4

        CLASS   IDLOC          

        CLASS   EEDATA         

        CLASS   FARRAM         

        CLASS   HEAP           

        CLASS   STACK          



SEGMENTS        Name                           Load    Length   Top    Selector   Space  Class

                reset_vec                      000000  000004  000004         0       0  CODE    
                bssCOMRAM                      000001  000019  00001A         1       1  COMRAM  
                intcode                        000008  000074  00007C         4       0  CODE    
                smallconst                     001000  000002  001002       800       0  SMALLCON
                text18                         001002  000390  001392       801       0  CODE    


UNUSED ADDRESS RANGES

        Name                Unused          Largest block    Delta
        BANK0            000060-0000FF               A0
        BANK1            000100-0001FF              100
        BANK10           000A00-000AFF              100
        BANK11           000B00-000BFF              100
        BANK12           000C00-000CFF              100
        BANK13           000D00-000DFF              100
        BANK14           000E00-000EFF              100
        BANK15           000F00-000F5F               60
        BANK2            000200-0002FF              100
        BANK3            000300-0003FF              100
        BANK4            000400-0004FF              100
        BANK5            000500-0005FF              100
        BANK6            000600-0006FF              100
        BANK7            000700-0007FF              100
        BANK8            000800-0008FF              100
        BANK9            000900-0009FF              100
        BIGRAM           00001A-000F5F              F46
        BIGSFR           000F60-000FFF               A0
        CODE             000004-000007                4
                         00007C-000FFF              F84
                         001392-00FFFF             EC6E
        COMRAM           00001A-00005F               46
        CONST            000004-000007                4
                         00007C-000FFF              F84
                         001392-00FFFF             EC6E
        EEDATA           F00000-F003FF              400
        IDLOC            200000-200007                8
        MEDIUMCONST      001392-00FFFF             EC6E
        RAM              000060-000F5F              100
        SFR              000F60-000FFF               A0
        SMALLCONST       001392-00FFFF              100

                                  Symbol Table

I2C_SlaveSendTxData@data                       cstackCOMRAM 000012
I2C_SlaveSetAddrIntHandler@handler             cstackCOMRAM 000017
I2C_SlaveSetBusColIntHandler@handler           cstackCOMRAM 000017
I2C_SlaveSetIsrHandler@handler                 cstackCOMRAM 000017
I2C_SlaveSetReadIntHandler@handler             cstackCOMRAM 000017
I2C_SlaveSetSlaveAddr@slaveAddr                cstackCOMRAM 000017
I2C_SlaveSetSlaveMask@maskAddr                 cstackCOMRAM 000017
I2C_SlaveSetWrColIntHandler@handler            cstackCOMRAM 000017
I2C_SlaveSetWriteIntHandler@handler            cstackCOMRAM 000017
_ANSEL                                         (abs)        000F7E
_ANSELH                                        (abs)        000F7F
_CCP2CON                                       (abs)        000FBA
_CCPR2H                                        (abs)        000FBC
_CCPR2L                                        (abs)        000FBB
_Custom_I2C_SlaveDefRdInterruptHandler         text24       001238
_I2C_Initialize                                text5        0012F4
_I2C_Isr                                       text18       001002
_I2C_Open                                      text6        0010FE
_I2C_SlaveAddrCallBack                         text31       0011E8
_I2C_SlaveAddrInterruptHandler                 bssCOMRAM    000005
_I2C_SlaveBusColInterruptHandler               bssCOMRAM    000003
_I2C_SlaveClearIrq                             text30       00138A
_I2C_SlaveDefAddrInterruptHandler              text32       00137A
_I2C_SlaveDefBusColInterruptHandler            (abs)        000000
_I2C_SlaveDefRdInterruptHandler                text25       001372
_I2C_SlaveDefWrColInterruptHandler             (abs)        000000
_I2C_SlaveDefWrInterruptHandler                text20       001362
_I2C_SlaveEnableIrq                            text16       001382
_I2C_SlaveGetRxData                            text33       00138E
_I2C_SlaveIsAddr                               text29       0012CE
_I2C_SlaveIsRead                               text28       0012BA
_I2C_SlaveIsRxBufFull                          text27       0012A6
_I2C_SlaveIsTxBufEmpty                         text26       001292
_I2C_SlaveOpen                                 text15       00125A
_I2C_SlaveRdCallBack                           text23       0011BA
_I2C_SlaveRdInterruptHandler                   bssCOMRAM    000009
_I2C_SlaveReleaseClock                         text22       001386
_I2C_SlaveSendTxData                           text21       00136A
_I2C_SlaveSetAddrIntHandler                    text14       001340
_I2C_SlaveSetBusColIntHandler                  text13       001336
_I2C_SlaveSetIsrHandler                        text12       00132C
_I2C_SlaveSetReadIntHandler                    text11       001322
_I2C_SlaveSetSlaveAddr                         text10       00135A
_I2C_SlaveSetSlaveMask                         text9        001352
_I2C_SlaveSetWrColIntHandler                   text8        001318
_I2C_SlaveSetWriteIntHandler                   text7        00130E
_I2C_SlaveWrCallBack                           text19       00118C
_I2C_SlaveWrColInterruptHandler                bssCOMRAM    000001
_I2C_SlaveWrInterruptHandler                   bssCOMRAM    000007
_INTCON2bits                                   (abs)        000FF1
_INTCONbits                                    (abs)        000FF2
_INTERRUPT_Initialize                          text4        00134A
_INTERRUPT_InterruptManagerHigh                intcode      000008
_IPR1bits                                      (abs)        000F9F
_IPR2bits                                      (abs)        000FA2
_LATA                                          (abs)        000F89
_LATB                                          (abs)        000F8A
_LATC                                          (abs)        000F8B
_LATCbits                                      (abs)        000F8B
_LATD                                          (abs)        000F8C
_LATE                                          (abs)        000F8D
_MSSP_InterruptHandler                         bssCOMRAM    00000B
_OSCCON                                        (abs)        000FD3
_OSCILLATOR_Initialize                         text3        001304
_OSCTUNE                                       (abs)        000F9B
_PIE1bits                                      (abs)        000F9D
_PIE2bits                                      (abs)        000FA0
_PIN_MANAGER_Initialize                        text2        00115C
_PIR1bits                                      (abs)        000F9E
_PIR2bits                                      (abs)        000FA1
_RCONbits                                      (abs)        000FD0
_RecTC74_A7_TempValue                          bssCOMRAM    000011
_SSPADD                                        (abs)        000FC8
_SSPBUF                                        (abs)        000FC9
_SSPCON1                                       (abs)        000FC6
_SSPCON1bits                                   (abs)        000FC6
_SSPCON2                                       (abs)        000FC5
_SSPCON2bits                                   (abs)        000FC5
_SSPMSK                                        (abs)        000F77
_SSPSTAT                                       (abs)        000FC7
_SSPSTATbits                                   (abs)        000FC7
_SYSTEM_Initialize                             text1        0012E2
_TRISA                                         (abs)        000F92
_TRISB                                         (abs)        000F93
_TRISC                                         (abs)        000F94
_TRISD                                         (abs)        000F95
_TRISE                                         (abs)        000F96
_WPUB                                          (abs)        000F7C
__HRAM                                         (abs)        000000
__H__absolute__                                __absolute__ 000000
__Habs1                                        abs1         000000
__Hbank0                                       bank0        000000
__Hbank1                                       bank1        000000
__Hbank10                                      bank10       000000
__Hbank11                                      bank11       000000
__Hbank12                                      bank12       000000
__Hbank13                                      bank13       000000
__Hbank14                                      bank14       000000
__Hbank15                                      bank15       000000
__Hbank2                                       bank2        000000
__Hbank3                                       bank3        000000
__Hbank4                                       bank4        000000
__Hbank5                                       bank5        000000
__Hbank6                                       bank6        000000
__Hbank7                                       bank7        000000
__Hbank8                                       bank8        000000
__Hbank9                                       bank9        000000
__Hbigbss                                      bigbss       000000
__Hbigdata                                     bigdata      000000
__Hbigram                                      bigram       000000
__Hbigsfr                                      bigsfr       000000
__Hbss                                         bss          000000
__HbssCOMRAM                                   bssCOMRAM    000000
__Hcinit                                       cinit        000000
__Hclrtext                                     clrtext      000000
__Hcomram                                      comram       000000
__Hconfig                                      config       30000E
__Hconst                                       const        000000
__HcstackCOMRAM                                cstackCOMRAM 000000
__Hdata                                        data         000000
__Heeprom_data                                 eeprom_data  000000
__Hfarbss                                      farbss       000000
__Hfardata                                     fardata      000000
__Hheap                                        heap         000000
__Hibigdata                                    ibigdata     000000
__Hidata                                       idata        000000
__Hidloc                                       idloc        000000
__Hifardata                                    ifardata     000000
__Hinit                                        init         00007C
__Hintcode                                     intcode      000078
__Hintcode_body                                intcode_body 000000
__Hintcodelo                                   intcodelo    000078
__Hintentry                                    intentry     000000
__Hintret                                      intret       000000
__Hintsave_regs                                intsave_regs 000000
__Hirdata                                      irdata       000000
__Hmediumconst                                 mediumconst  000000
__HnvFARRAM                                    nvFARRAM     000000
__Hnvbit                                       nvbit        000000
__Hnvrram                                      nvrram       000000
__Hparam                                       rparam       000000
__Hpowerup                                     powerup      000078
__Hram                                         ram          000000
__Hramtop                                      ramtop       001000
__Hrbit                                        rbit         000000
__Hrbss                                        rbss         000000
__Hrdata                                       rdata        000000
__Hreset_vec                                   reset_vec    000004
__Hrparam                                      rparam       000000
__Hsfr                                         sfr          000000
__Hsmallconst                                  smallconst   001002
__Hspace_0                                     (abs)        001392
__Hspace_1                                     (abs)        00001A
__Hspace_2                                     (abs)        000000
__Hspace_4                                     (abs)        60000E
__Hstack                                       stack        000000
__Hstruct                                      struct       000000
__Htemp                                        temp         00001A
__Htext                                        text         000000
__Htext0                                       text0        000000
__Htext1                                       text1        000000
__Htext10                                      text10       000000
__Htext11                                      text11       000000
__Htext12                                      text12       000000
__Htext13                                      text13       000000
__Htext14                                      text14       000000
__Htext15                                      text15       000000
__Htext16                                      text16       000000
__Htext18                                      text18       000000
__Htext19                                      text19       000000
__Htext2                                       text2        000000
__Htext20                                      text20       000000
__Htext21                                      text21       000000
__Htext22                                      text22       000000
__Htext23                                      text23       000000
__Htext24                                      text24       000000
__Htext25                                      text25       000000
__Htext26                                      text26       000000
__Htext27                                      text27       000000
__Htext28                                      text28       000000
__Htext29                                      text29       000000
__Htext3                                       text3        000000
__Htext30                                      text30       000000
__Htext31                                      text31       000000
__Htext32                                      text32       000000
__Htext33                                      text33       000000
__Htext34                                      text34       000000
__Htext4                                       text4        000000
__Htext5                                       text5        000000
__Htext6                                       text6        000000
__Htext7                                       text7        000000
__Htext8                                       text8        000000
__Htext9                                       text9        000000
__LRAM                                         (abs)        000001
__L__absolute__                                __absolute__ 000000
__Labs1                                        abs1         000000
__Lbank0                                       bank0        000000
__Lbank1                                       bank1        000000
__Lbank10                                      bank10       000000
__Lbank11                                      bank11       000000
__Lbank12                                      bank12       000000
__Lbank13                                      bank13       000000
__Lbank14                                      bank14       000000
__Lbank15                                      bank15       000000
__Lbank2                                       bank2        000000
__Lbank3                                       bank3        000000
__Lbank4                                       bank4        000000
__Lbank5                                       bank5        000000
__Lbank6                                       bank6        000000
__Lbank7                                       bank7        000000
__Lbank8                                       bank8        000000
__Lbank9                                       bank9        000000
__Lbigbss                                      bigbss       000000
__Lbigdata                                     bigdata      000000
__Lbigram                                      bigram       000000
__Lbigsfr                                      bigsfr       000000
__Lbss                                         bss          000000
__LbssCOMRAM                                   bssCOMRAM    000000
__Lcinit                                       cinit        000000
__Lclrtext                                     clrtext      000000
__Lcomram                                      comram       000000
__Lconfig                                      config       000000
__Lconst                                       const        000000
__LcstackCOMRAM                                cstackCOMRAM 000000
__Ldata                                        data         000000
__Leeprom_data                                 eeprom_data  000000
__Lfarbss                                      farbss       000000
__Lfardata                                     fardata      000000
__Lheap                                        heap         000000
__Libigdata                                    ibigdata     000000
__Lidata                                       idata        000000
__Lidloc                                       idloc        000000
__Lifardata                                    ifardata     000000
__Linit                                        init         000078
__Lintcode                                     intcode      000008
__Lintcode_body                                intcode_body 000000
__Lintcodelo                                   intcodelo    000078
__Lintentry                                    intentry     000000
__Lintret                                      intret       000000
__Lintsave_regs                                intsave_regs 000000
__Lirdata                                      irdata       000000
__Lmediumconst                                 mediumconst  000000
__LnvFARRAM                                    nvFARRAM     000000
__Lnvbit                                       nvbit        000000
__Lnvrram                                      nvrram       000000
__Lparam                                       rparam       000000
__Lpowerup                                     powerup      000078
__Lram                                         ram          000000
__Lramtop                                      ramtop       001000
__Lrbit                                        rbit         000000
__Lrbss                                        rbss         000000
__Lrdata                                       rdata        000000
__Lreset_vec                                   reset_vec    000000
__Lrparam                                      rparam       000000
__Lsfr                                         sfr          000000
__Lsmallconst                                  smallconst   001000
__Lspace_0                                     (abs)        000000
__Lspace_1                                     (abs)        000000
__Lspace_2                                     (abs)        000000
__Lspace_4                                     (abs)        000000
__Lstack                                       stack        000000
__Lstruct                                      struct       000000
__Ltemp                                        temp         000019
__Ltext                                        text         000000
__Ltext0                                       text0        000000
__Ltext1                                       text1        000000
__Ltext10                                      text10       000000
__Ltext11                                      text11       000000
__Ltext12                                      text12       000000
__Ltext13                                      text13       000000
__Ltext14                                      text14       000000
__Ltext15                                      text15       000000
__Ltext16                                      text16       000000
__Ltext18                                      text18       000000
__Ltext19                                      text19       000000
__Ltext2                                       text2        000000
__Ltext20                                      text20       000000
__Ltext21                                      text21       000000
__Ltext22                                      text22       000000
__Ltext23                                      text23       000000
__Ltext24                                      text24       000000
__Ltext25                                      text25       000000
__Ltext26                                      text26       000000
__Ltext27                                      text27       000000
__Ltext28                                      text28       000000
__Ltext29                                      text29       000000
__Ltext3                                       text3        000000
__Ltext30                                      text30       000000
__Ltext31                                      text31       000000
__Ltext32                                      text32       000000
__Ltext33                                      text33       000000
__Ltext34                                      text34       000000
__Ltext4                                       text4        000000
__Ltext5                                       text5        000000
__Ltext6                                       text6        000000
__Ltext7                                       text7        000000
__Ltext8                                       text8        000000
__Ltext9                                       text9        000000
__S0                                           (abs)        001392
__S1                                           (abs)        00001A
__S4                                           (abs)        000000
__S5                                           (abs)        000000
___heap_hi                                     (abs)        000000
___heap_lo                                     (abs)        000000
___inthi_sp                                    stack        000000
___inthi_stack_hi                              stack        000000
___inthi_stack_lo                              stack        000000
___intlo_sp                                    stack        000000
___intlo_stack_hi                              stack        000000
___intlo_stack_lo                              stack        000000
___param_bank                                  (abs)        000000
___rparam_used                                 (abs)        000001
___sp                                          stack        000000
___stack_hi                                    stack        000000
___stack_lo                                    stack        000000
__accesstop                                    (abs)        000060
__activetblptr                                 (abs)        000002
__end_of_Custom_I2C_SlaveDefRdInterruptHandler text24       00125A
__end_of_I2C_Initialize                        text5        001304
__end_of_I2C_Isr                               text18       0010FE
__end_of_I2C_Open                              text6        00115C
__end_of_I2C_SlaveAddrCallBack                 text31       001216
__end_of_I2C_SlaveClearIrq                     text30       00138E
__end_of_I2C_SlaveDefAddrInterruptHandler      text32       001382
__end_of_I2C_SlaveDefRdInterruptHandler        text25       00137A
__end_of_I2C_SlaveDefWrInterruptHandler        text20       00136A
__end_of_I2C_SlaveEnableIrq                    text16       001386
__end_of_I2C_SlaveGetRxData                    text33       001392
__end_of_I2C_SlaveIsAddr                       text29       0012E2
__end_of_I2C_SlaveIsRead                       text28       0012CE
__end_of_I2C_SlaveIsRxBufFull                  text27       0012BA
__end_of_I2C_SlaveIsTxBufEmpty                 text26       0012A6
__end_of_I2C_SlaveOpen                         text15       001278
__end_of_I2C_SlaveRdCallBack                   text23       0011E8
__end_of_I2C_SlaveReleaseClock                 text22       00138A
__end_of_I2C_SlaveSendTxData                   text21       001372
__end_of_I2C_SlaveSetAddrIntHandler            text14       00134A
__end_of_I2C_SlaveSetBusColIntHandler          text13       001340
__end_of_I2C_SlaveSetIsrHandler                text12       001336
__end_of_I2C_SlaveSetReadIntHandler            text11       00132C
__end_of_I2C_SlaveSetSlaveAddr                 text10       001362
__end_of_I2C_SlaveSetSlaveMask                 text9        00135A
__end_of_I2C_SlaveSetWrColIntHandler           text8        001322
__end_of_I2C_SlaveSetWriteIntHandler           text7        001318
__end_of_I2C_SlaveWrCallBack                   text19       0011BA
__end_of_INTERRUPT_Initialize                  text4        001352
__end_of_INTERRUPT_InterruptManagerHigh        intcode      000078
__end_of_OSCILLATOR_Initialize                 text3        00130E
__end_of_PIN_MANAGER_Initialize                text2        00118C
__end_of_SYSTEM_Initialize                     text1        0012F4
__end_of__initialization                       cinit        001284
__end_of_main                                  text0        001238
__initialization                               cinit        001278
__mediumconst                                  mediumconst  000000
__pbssCOMRAM                                   bssCOMRAM    000001
__pcinit                                       cinit        001278
__pcstackCOMRAM                                cstackCOMRAM 000012
__pintcode                                     intcode      000008
__psmallconst                                  smallconst   001000
__ptext0                                       text0        001216
__ptext1                                       text1        0012E2
__ptext10                                      text10       00135A
__ptext11                                      text11       001322
__ptext12                                      text12       00132C
__ptext13                                      text13       001336
__ptext14                                      text14       001340
__ptext15                                      text15       00125A
__ptext16                                      text16       001382
__ptext18                                      text18       001002
__ptext19                                      text19       00118C
__ptext2                                       text2        00115C
__ptext20                                      text20       001362
__ptext21                                      text21       00136A
__ptext22                                      text22       001386
__ptext23                                      text23       0011BA
__ptext24                                      text24       001238
__ptext25                                      text25       001372
__ptext26                                      text26       001292
__ptext27                                      text27       0012A6
__ptext28                                      text28       0012BA
__ptext29                                      text29       0012CE
__ptext3                                       text3        001304
__ptext30                                      text30       00138A
__ptext31                                      text31       0011E8
__ptext32                                      text32       00137A
__ptext33                                      text33       00138E
__ptext34                                      text34       000000
__ptext4                                       text4        00134A
__ptext5                                       text5        0012F4
__ptext6                                       text6        0010FE
__ptext7                                       text7        00130E
__ptext8                                       text8        001318
__ptext9                                       text9        001352
__ramtop                                       ramtop       001000
__smallconst                                   smallconst   001000
_i2cRdData                                     bssCOMRAM    00000F
_i2cSlaveAddr                                  bssCOMRAM    00000E
_i2cSlaveState                                 bssCOMRAM    00000D
_i2cWrData                                     bssCOMRAM    000010
_main                                          text0        001216
btemp                                          temp         000019
end_of_initialization                          cinit        001284
int$flags                                      temp         000019
intlevel0                                      text         000000
intlevel1                                      text         000000
intlevel2                                      text         000000
intlevel3                                      text         000000
isa$std                                        (abs)        000001
isa$xinst                                      (abs)        000000
stackhi                                        (abs)        000000
stacklo                                        (abs)        000000
start                                          init         000078
start_initialization                           cinit        001278
ttemp5                                         temp         00001A
ttemp6                                         temp         00001D
ttemp7                                         temp         000021
wtemp8                                         temp         00001A


MODULE INFORMATION

Module		Function		Class		Link	Load	Size
mcc_generated_files/i2c_slave.c
		_I2C_SlaveDefRdInterruptHandler		CODE           	1372	0000	8
		_I2C_SlaveDefWrInterruptHandler		CODE           	1362	0000	8
		_I2C_SlaveSetWrColIntHandler		CODE           	1318	0000	10
		_I2C_SlaveSetWriteIntHandler		CODE           	130E	0000	10
		_I2C_SlaveOpen 		CODE           	125A	0000	30
		_I2C_SlaveSetSlaveAddr		CODE           	135A	0000	8
		_I2C_SlaveIsRxBufFull		CODE           	12A6	0000	20
		_I2C_SlaveClearIrq		CODE           	138A	0000	4
		_I2C_SlaveGetRxData		CODE           	138E	0000	4
		_I2C_SlaveSetSlaveMask		CODE           	1352	0000	8
		_I2C_Isr       		CODE           	1002	0000	252
		_I2C_SlaveDefAddrInterruptHandler		CODE           	137A	0000	8
		_I2C_Open      		CODE           	10FE	0000	94
		_I2C_SlaveIsRead		CODE           	12BA	0000	20
		_I2C_SlaveSetIsrHandler		CODE           	132C	0000	10
		_I2C_SlaveIsAddr		CODE           	12CE	0000	20
		_I2C_SlaveSetBusColIntHandler		CODE           	1336	0000	10
		_I2C_SlaveEnableIrq		CODE           	1382	0000	4
		_I2C_SlaveSendTxData		CODE           	136A	0000	8
		_I2C_SlaveRdCallBack		CODE           	11BA	0000	46
		_I2C_SlaveWrCallBack		CODE           	118C	0000	46
		_I2C_SlaveSetReadIntHandler		CODE           	1322	0000	10
		_I2C_SlaveAddrCallBack		CODE           	11E8	0000	46
		_I2C_Initialize		CODE           	12F4	0000	16
		_I2C_SlaveIsTxBufEmpty		CODE           	1292	0000	20
		_I2C_SlaveSetAddrIntHandler		CODE           	1340	0000	10
		_I2C_SlaveReleaseClock		CODE           	1386	0000	4

mcc_generated_files/i2c_slave.c estimated size: 734

mcc_generated_files/interrupt_manager.c
		_INTERRUPT_Initialize		CODE           	134A	0000	8
		_INTERRUPT_InterruptManagerHigh		CODE           	0008	0000	112

mcc_generated_files/interrupt_manager.c estimated size: 120

mcc_generated_files/pin_manager.c
		_PIN_MANAGER_Initialize		CODE           	115C	0000	48

mcc_generated_files/pin_manager.c estimated size: 48

shared
		__initialization		CODE           	1278	0000	12

shared estimated size: 12

mcc_generated_files/mcc.c
		_OSCILLATOR_Initialize		CODE           	1304	0000	10
		_SYSTEM_Initialize		CODE           	12E2	0000	18

mcc_generated_files/mcc.c estimated size: 28

main.c
		_main          		CODE           	1216	0000	34
		_Custom_I2C_SlaveDefRdInterruptHandler		CODE           	1238	0000	34

main.c estimated size: 68

