Microchip MPLAB XC8 Compiler V2.45

Linker command line:

-W-3 \
  --edf=C:\Program Files\Microchip\xc8\v2.45\pic\dat\20230818022343_en.msgs \
  -cn -h+dist/default/production\lighting_Control.X.production.sym \
  --cmf=dist/default/production\lighting_Control.X.production.cmf -z \
  -Q18F46K20 -oC:\Users\mosta\AppData\Local\Temp\xcAsimo.\driver_tmp_3.o \
  --defsym=__MPLAB_BUILD=1 --fixupoverflow=error \
  -Mdist/default/production/lighting_Control.X.production.map \
  --md=C:\Users\mosta\AppData\Local\Temp\xcAsimo.\driver_tmp_0.dat -E1 \
  -ver=XC8 Compiler --acfsm=1493 -ACODE=00h-0FFFFh -ACONST=00h-0FFFFh \
  -ASMALLCONST=01000h-010FFhx240 -AMEDIUMCONST=01000h-0FFFFh \
  -ACOMRAM=01h-05Fh -AABS1=00h-0F5Fh -ABIGRAM=01h-0F5Fh \
  -ARAM=060h-0FFh,0100h-01FFhx14,0F00h-0F5Fh -ABANK0=060h-0FFh \
  -ABANK1=0100h-01FFh -ABANK2=0200h-02FFh -ABANK3=0300h-03FFh \
  -ABANK4=0400h-04FFh -ABANK5=0500h-05FFh -ABANK6=0600h-06FFh \
  -ABANK7=0700h-07FFh -ABANK8=0800h-08FFh -ABANK9=0900h-09FFh \
  -ABANK10=0A00h-0AFFh -ABANK11=0B00h-0BFFh -ABANK12=0C00h-0CFFh \
  -ABANK13=0D00h-0DFFh -ABANK14=0E00h-0EFFh -ABANK15=0F00h-0F5Fh \
  -ASFR=0F60h-0FFFh -ABIGSFR=0F60h-0FFFh -ACONFIG=0300000h-030000Dh \
  -AIDLOC=0200000h-0200007h -AEEDATA=0F00000h-0F003FFh -peeprom_data=EEDATA \
  -preset_vec=00h,intcode=08h,intcodelo,powerup,init -pramtop=01000h \
  -psmallconst=SMALLCONST -pmediumconst=MEDIUMCONST -pconst=CONST \
  -AFARRAM=00h-00h \
  -prdata=COMRAM,nvrram=COMRAM,nvbit=COMRAM,rbss=COMRAM,rbit=COMRAM \
  -pfarbss=FARRAM,fardata=FARRAM,nvFARRAM=FARRAM \
  -pintsave_regs=BIGRAM,bigbss=BIGRAM,bigdata=BIGRAM -pbss=RAM \
  -pidata=CODE,irdata=CODE,ibigdata=CODE,ifardata=CODE -prparam=COMRAM \
  C:\Users\mosta\AppData\Local\Temp\xcAsimo.\driver_tmp_9.o \
  dist/default/production\lighting_Control.X.production.o 

Object code version is 3.11

Machine type is 18F46K20



                Name                               Link     Load   Length Selector   Space Scale
C:\Users\mosta\AppData\Local\Temp\xcAsimo.\driver_tmp_9.o
                config                           300000   300000        E        0       4
                init                                 E0       E0        4        4       0
                reset_vec                             0        0        4        0       0
dist/default/production\lighting_Control.X.production.o
                intcode                               8        8       D8        4       0
                config                           300000   300000        E        0       4
                temp                                 47       47        1        1       1
                smallconst                         1000     1000       32      800       0
                text22                             138E     138E        2      819       0
                text21                             1378     1378        6      819       0
                text20                             11FC     11FC       36      819       0
                text19                             1032     1032       FA      819       0
                text18                             1232     1232       30      819       0
                text17                             12BC     12BC       26      819       0
                text16                             1290     1290       2C      819       0
                text15                             1370     1370        8      819       0
                text13                             138A     138A        4      819       0
                text12                             1386     1386        4      819       0
                text11                             1382     1382        4      819       0
                text10                             1366     1366        A      819       0
                text9                              131A     131A       1C      819       0
                text8                              12FE     12FE       1C      819       0
                text7                              112C     112C       64      819       0
                text6                              135C     135C        A      819       0
                text5                              1352     1352        A      819       0
                text4                              1348     1348        A      819       0
                text3                              11C6     11C6       36      819       0
                text2                              1262     1262       2E      819       0
                text1                              1336     1336       12      819       0
                text0                              12E2     12E2       1C      819       0
                cstackCOMRAM                         34       34        B        1       1
                dataCOMRAM                           43       43        4        1       1
                bssCOMRAM                             1        1       33        1       1
                cinit                              1190     1190       36      819       0
                nvCOMRAM                             3F       3F        4        1       1
                idataCOMRAM                        137E     137E        4      819       0

TOTAL           Name                               Link     Load   Length     Space
        CLASS   CODE           
                intcode                               8        8       D8         0
                init                                 E0       E0        4         0
                reset_vec                             0        0        4         0
                text22                             138E     138E        2         0
                text21                             1378     1378        6         0
                text20                             11FC     11FC       36         0
                text19                             1032     1032       FA         0
                text18                             1232     1232       30         0
                text17                             12BC     12BC       26         0
                text16                             1290     1290       2C         0
                text15                             1370     1370        8         0
                text13                             138A     138A        4         0
                text12                             1386     1386        4         0
                text11                             1382     1382        4         0
                text10                             1366     1366        A         0
                text9                              131A     131A       1C         0
                text8                              12FE     12FE       1C         0
                text7                              112C     112C       64         0
                text6                              135C     135C        A         0
                text5                              1352     1352        A         0
                text4                              1348     1348        A         0
                text3                              11C6     11C6       36         0
                text2                              1262     1262       2E         0
                text1                              1336     1336       12         0
                text0                              12E2     12E2       1C         0
                cinit                              1190     1190       36         0
                idataCOMRAM                        137E     137E        4         0

        CLASS   CONST          

        CLASS   SMALLCONST     
                smallconst                         1000     1000       32         0

        CLASS   MEDIUMCONST    

        CLASS   COMRAM         
                temp                                 47       47        1         1
                cstackCOMRAM                         34       34        B         1
                dataCOMRAM                           43       43        4         1
                bssCOMRAM                             1        1       33         1
                nvCOMRAM                             3F       3F        4         1

        CLASS   ABS1           

        CLASS   BIGRAM         

        CLASS   RAM            

        CLASS   BANK0          

        CLASS   BANK1          

        CLASS   BANK2          

        CLASS   BANK3          

        CLASS   BANK4          

        CLASS   BANK5          

        CLASS   BANK6          

        CLASS   BANK7          

        CLASS   BANK8          

        CLASS   BANK9          

        CLASS   BANK10         

        CLASS   BANK11         

        CLASS   BANK12         

        CLASS   BANK13         

        CLASS   BANK14         

        CLASS   BANK15         

        CLASS   SFR            

        CLASS   BIGSFR         

        CLASS   CONFIG         
                config                           300000   300000        E         4

        CLASS   IDLOC          

        CLASS   EEDATA         

        CLASS   FARRAM         

        CLASS   HEAP           

        CLASS   STACK          



SEGMENTS        Name                           Load    Length   Top    Selector   Space  Class

                reset_vec                      000000  000004  000004         0       0  CODE    
                bssCOMRAM                      000001  000047  000048         1       1  COMRAM  
                intcode                        000008  0000DC  0000E4         4       0  CODE    
                smallconst                     001000  000032  001032       800       0  SMALLCON
                text19                         001032  00035E  001390       819       0  CODE    


UNUSED ADDRESS RANGES

        Name                Unused          Largest block    Delta
        BANK0            000060-0000FF               A0
        BANK1            000100-0001FF              100
        BANK10           000A00-000AFF              100
        BANK11           000B00-000BFF              100
        BANK12           000C00-000CFF              100
        BANK13           000D00-000DFF              100
        BANK14           000E00-000EFF              100
        BANK15           000F00-000F5F               60
        BANK2            000200-0002FF              100
        BANK3            000300-0003FF              100
        BANK4            000400-0004FF              100
        BANK5            000500-0005FF              100
        BANK6            000600-0006FF              100
        BANK7            000700-0007FF              100
        BANK8            000800-0008FF              100
        BANK9            000900-0009FF              100
        BIGRAM           000048-000F5F              F18
        BIGSFR           000F60-000FFF               A0
        CODE             000004-000007                4
                         0000E4-000FFF              F1C
                         001390-00FFFF             EC70
        COMRAM           000048-00005F               18
        CONST            000004-000007                4
                         0000E4-000FFF              F1C
                         001390-00FFFF             EC70
        EEDATA           F00000-F003FF              400
        IDLOC            200000-200007                8
        MEDIUMCONST      001390-00FFFF             EC70
        RAM              000060-000F5F              100
        SFR              000F60-000FFF               A0
        SMALLCONST       001390-00FFFF              100

                                  Symbol Table

EUSART_FramingErrorCallbackRegister@callbackHandler cstackCOMRAM 00003D
EUSART_OverrunErrorCallbackRegister@callbackHandler cstackCOMRAM 00003D
EUSART_ReceiveISR@regValue                          cstackCOMRAM 000035
EUSART_ReceiveISR@tempRxHead                        cstackCOMRAM 000036
EUSART_TransmitISR@tempTxTail                       cstackCOMRAM 000034
INT0_SetInterruptHandler@InterruptHandler           cstackCOMRAM 00003D
INT1_SetInterruptHandler@InterruptHandler           cstackCOMRAM 00003D
INT2_SetInterruptHandler@InterruptHandler           cstackCOMRAM 00003D
LED_Automatic_Control@auto_status                   cstackCOMRAM 000034
_BAUDCON                                            (abs)        000FB8
_BAUDCONbits                                        (abs)        000FB8
_CLOCK_Initialize                                   text10       001366
_EUSART_AutoBaudQuery                               (abs)        000000
_EUSART_AutoBaudSet                                 (abs)        000000
_EUSART_DefaultFramingErrorCallback                 text22       00138E
_EUSART_DefaultOverrunErrorCallback                 text21       001378
_EUSART_Deinitialize                                (abs)        000000
_EUSART_Enable                                      text13       00138A
_EUSART_ErrorGet                                    (abs)        000000
_EUSART_FramingErrorCallbackRegister                text9        00131A
_EUSART_FramingErrorHandler                         bssCOMRAM    000027
_EUSART_Initialize                                  text7        00112C
_EUSART_IsRxReady                                   (abs)        000000
_EUSART_IsTxDone                                    (abs)        000000
_EUSART_IsTxReady                                   (abs)        000000
_EUSART_OverrunErrorCallbackRegister                text8        0012FE
_EUSART_OverrunErrorHandler                         bssCOMRAM    000025
_EUSART_Read                                        (abs)        000000
_EUSART_ReceiveEnable                               text12       001386
_EUSART_ReceiveISR                                  text19       001032
_EUSART_ReceiveInterruptEnable                      text11       001382
_EUSART_RxCompleteCallbackRegister                  (abs)        000000
_EUSART_RxCompleteInterruptHandler                  dataCOMRAM   000045
_EUSART_RxInterruptHandler                          nvCOMRAM     00003F
_EUSART_TransmitDisable                             (abs)        000000
_EUSART_TransmitEnable                              (abs)        000000
_EUSART_TransmitISR                                 text18       001232
_EUSART_TxCompleteCallbackRegister                  (abs)        000000
_EUSART_TxCompleteInterruptHandler                  bssCOMRAM    000029
_EUSART_TxInterruptHandler                          nvCOMRAM     000041
_EUSART_Write                                       (abs)        000000
_INT0_DefaultInterruptHandler                       (abs)        000000
_INT0_InterruptHandler                              bssCOMRAM    000023
_INT0_SetInterruptHandler                           text6        00135C
_INT1_DefaultInterruptHandler                       (abs)        000000
_INT1_InterruptHandler                              bssCOMRAM    000021
_INT1_SetInterruptHandler                           text5        001352
_INT2_CallBack                                      text16       001290
_INT2_ISR                                           text15       001370
_INT2_InterruptHandler                              dataCOMRAM   000043
_INT2_SetInterruptHandler                           text4        001348
_INTCON2bits                                        (abs)        000FF1
_INTCON3bits                                        (abs)        000FF0
_INTCONbits                                         (abs)        000FF2
_INTERRUPT_Initialize                               text3        0011C6
_INTERRUPT_InterruptManager                         intcode      000008
_IOCB                                               (abs)        000F7D
_LATA                                               (abs)        000F89
_LATB                                               (abs)        000F8A
_LATBbits                                           (abs)        000F8A
_LATC                                               (abs)        000F8B
_LATD                                               (abs)        000F8C
_LATE                                               (abs)        000F8D
_LED_Automatic_Control                              text20       0011FC
_LED_Manual_Control                                 text17       0012BC
_OSCCON                                             (abs)        000FD3
_OSCTUNE                                            (abs)        000F9B
_PIE1bits                                           (abs)        000F9D
_PIN_MANAGER_Initialize                             text2        001262
_PIR1bits                                           (abs)        000F9E
_RCONbits                                           (abs)        000FD0
_RCREG                                              (abs)        000FAE
_RCSTA                                              (abs)        000FAB
_RCSTAbits                                          (abs)        000FAB
_SPBRG                                              (abs)        000FAF
_SPBRGH                                             (abs)        000FB0
_SYSTEM_Initialize                                  text1        001336
_TRISA                                              (abs)        000F92
_TRISB                                              (abs)        000F93
_TRISC                                              (abs)        000F94
_TRISD                                              (abs)        000F95
_TRISE                                              (abs)        000F96
_TXREG                                              (abs)        000FAD
_TXSTA                                              (abs)        000FAC
_TXSTAbits                                          (abs)        000FAC
_UART1                                              smallconst   001001
__HRAM                                              (abs)        000000
__H__absolute__                                     __absolute__ 000000
__Habs1                                             abs1         000000
__Hbank0                                            bank0        000000
__Hbank1                                            bank1        000000
__Hbank10                                           bank10       000000
__Hbank11                                           bank11       000000
__Hbank12                                           bank12       000000
__Hbank13                                           bank13       000000
__Hbank14                                           bank14       000000
__Hbank15                                           bank15       000000
__Hbank2                                            bank2        000000
__Hbank3                                            bank3        000000
__Hbank4                                            bank4        000000
__Hbank5                                            bank5        000000
__Hbank6                                            bank6        000000
__Hbank7                                            bank7        000000
__Hbank8                                            bank8        000000
__Hbank9                                            bank9        000000
__Hbigbss                                           bigbss       000000
__Hbigdata                                          bigdata      000000
__Hbigram                                           bigram       000000
__Hbigsfr                                           bigsfr       000000
__Hbss                                              bss          000000
__HbssCOMRAM                                        bssCOMRAM    000000
__Hcinit                                            cinit        000000
__Hclrtext                                          clrtext      000000
__Hcomram                                           comram       000000
__Hconfig                                           config       30000E
__Hconst                                            const        000000
__HcstackCOMRAM                                     cstackCOMRAM 000000
__Hdata                                             data         000000
__HdataCOMRAM                                       dataCOMRAM   000000
__Heeprom_data                                      eeprom_data  000000
__Hfarbss                                           farbss       000000
__Hfardata                                          fardata      000000
__Hheap                                             heap         000000
__Hibigdata                                         ibigdata     000000
__Hidata                                            idata        000000
__HidataCOMRAM                                      idataCOMRAM  000000
__Hidloc                                            idloc        000000
__Hifardata                                         ifardata     000000
__Hinit                                             init         0000E4
__Hintcode                                          intcode      0000E0
__Hintcode_body                                     intcode_body 000000
__Hintcodelo                                        intcodelo    0000E0
__Hintentry                                         intentry     000000
__Hintret                                           intret       000000
__Hintsave_regs                                     intsave_regs 000000
__Hirdata                                           irdata       000000
__Hmediumconst                                      mediumconst  000000
__HnvCOMRAM                                         nvCOMRAM     000000
__HnvFARRAM                                         nvFARRAM     000000
__Hnvbit                                            nvbit        000000
__Hnvrram                                           nvrram       000000
__Hparam                                            rparam       000000
__Hpowerup                                          powerup      0000E0
__Hram                                              ram          000000
__Hramtop                                           ramtop       001000
__Hrbit                                             rbit         000000
__Hrbss                                             rbss         000000
__Hrdata                                            rdata        000000
__Hreset_vec                                        reset_vec    000004
__Hrparam                                           rparam       000000
__Hsfr                                              sfr          000000
__Hsmallconst                                       smallconst   001032
__Hspace_0                                          (abs)        001390
__Hspace_1                                          (abs)        000048
__Hspace_2                                          (abs)        000000
__Hspace_4                                          (abs)        60000E
__Hstack                                            stack        000000
__Hstruct                                           struct       000000
__Htemp                                             temp         000048
__Htext                                             text         000000
__Htext0                                            text0        000000
__Htext1                                            text1        000000
__Htext10                                           text10       000000
__Htext11                                           text11       000000
__Htext12                                           text12       000000
__Htext13                                           text13       000000
__Htext15                                           text15       000000
__Htext16                                           text16       000000
__Htext17                                           text17       000000
__Htext18                                           text18       000000
__Htext19                                           text19       000000
__Htext2                                            text2        000000
__Htext20                                           text20       000000
__Htext21                                           text21       000000
__Htext22                                           text22       000000
__Htext23                                           text23       000000
__Htext3                                            text3        000000
__Htext4                                            text4        000000
__Htext5                                            text5        000000
__Htext6                                            text6        000000
__Htext7                                            text7        000000
__Htext8                                            text8        000000
__Htext9                                            text9        000000
__LRAM                                              (abs)        000001
__L__absolute__                                     __absolute__ 000000
__Labs1                                             abs1         000000
__Lbank0                                            bank0        000000
__Lbank1                                            bank1        000000
__Lbank10                                           bank10       000000
__Lbank11                                           bank11       000000
__Lbank12                                           bank12       000000
__Lbank13                                           bank13       000000
__Lbank14                                           bank14       000000
__Lbank15                                           bank15       000000
__Lbank2                                            bank2        000000
__Lbank3                                            bank3        000000
__Lbank4                                            bank4        000000
__Lbank5                                            bank5        000000
__Lbank6                                            bank6        000000
__Lbank7                                            bank7        000000
__Lbank8                                            bank8        000000
__Lbank9                                            bank9        000000
__Lbigbss                                           bigbss       000000
__Lbigdata                                          bigdata      000000
__Lbigram                                           bigram       000000
__Lbigsfr                                           bigsfr       000000
__Lbss                                              bss          000000
__LbssCOMRAM                                        bssCOMRAM    000000
__Lcinit                                            cinit        000000
__Lclrtext                                          clrtext      000000
__Lcomram                                           comram       000000
__Lconfig                                           config       000000
__Lconst                                            const        000000
__LcstackCOMRAM                                     cstackCOMRAM 000000
__Ldata                                             data         000000
__LdataCOMRAM                                       dataCOMRAM   000000
__Leeprom_data                                      eeprom_data  000000
__Lfarbss                                           farbss       000000
__Lfardata                                          fardata      000000
__Lheap                                             heap         000000
__Libigdata                                         ibigdata     000000
__Lidata                                            idata        000000
__LidataCOMRAM                                      idataCOMRAM  000000
__Lidloc                                            idloc        000000
__Lifardata                                         ifardata     000000
__Linit                                             init         0000E0
__Lintcode                                          intcode      000008
__Lintcode_body                                     intcode_body 000000
__Lintcodelo                                        intcodelo    0000E0
__Lintentry                                         intentry     000000
__Lintret                                           intret       000000
__Lintsave_regs                                     intsave_regs 000000
__Lirdata                                           irdata       000000
__Lmediumconst                                      mediumconst  000000
__LnvCOMRAM                                         nvCOMRAM     000000
__LnvFARRAM                                         nvFARRAM     000000
__Lnvbit                                            nvbit        000000
__Lnvrram                                           nvrram       000000
__Lparam                                            rparam       000000
__Lpowerup                                          powerup      0000E0
__Lram                                              ram          000000
__Lramtop                                           ramtop       001000
__Lrbit                                             rbit         000000
__Lrbss                                             rbss         000000
__Lrdata                                            rdata        000000
__Lreset_vec                                        reset_vec    000000
__Lrparam                                           rparam       000000
__Lsfr                                              sfr          000000
__Lsmallconst                                       smallconst   001000
__Lspace_0                                          (abs)        000000
__Lspace_1                                          (abs)        000000
__Lspace_2                                          (abs)        000000
__Lspace_4                                          (abs)        000000
__Lstack                                            stack        000000
__Lstruct                                           struct       000000
__Ltemp                                             temp         000047
__Ltext                                             text         000000
__Ltext0                                            text0        000000
__Ltext1                                            text1        000000
__Ltext10                                           text10       000000
__Ltext11                                           text11       000000
__Ltext12                                           text12       000000
__Ltext13                                           text13       000000
__Ltext15                                           text15       000000
__Ltext16                                           text16       000000
__Ltext17                                           text17       000000
__Ltext18                                           text18       000000
__Ltext19                                           text19       000000
__Ltext2                                            text2        000000
__Ltext20                                           text20       000000
__Ltext21                                           text21       000000
__Ltext22                                           text22       000000
__Ltext23                                           text23       000000
__Ltext3                                            text3        000000
__Ltext4                                            text4        000000
__Ltext5                                            text5        000000
__Ltext6                                            text6        000000
__Ltext7                                            text7        000000
__Ltext8                                            text8        000000
__Ltext9                                            text9        000000
__S0                                                (abs)        001390
__S1                                                (abs)        000048
__S4                                                (abs)        000000
__S5                                                (abs)        000000
___heap_hi                                          (abs)        000000
___heap_lo                                          (abs)        000000
___inthi_sp                                         stack        000000
___inthi_stack_hi                                   stack        000000
___inthi_stack_lo                                   stack        000000
___intlo_sp                                         stack        000000
___intlo_stack_hi                                   stack        000000
___intlo_stack_lo                                   stack        000000
___param_bank                                       (abs)        000000
___rparam_used                                      (abs)        000001
___sp                                               stack        000000
___stack_hi                                         stack        000000
___stack_lo                                         stack        000000
__accesstop                                         (abs)        000060
__activetblptr                                      (abs)        000003
__end_of_CLOCK_Initialize                           text10       001370
__end_of_EUSART_DefaultFramingErrorCallback         text22       001390
__end_of_EUSART_DefaultOverrunErrorCallback         text21       00137E
__end_of_EUSART_Enable                              text13       00138E
__end_of_EUSART_FramingErrorCallbackRegister        text9        001336
__end_of_EUSART_Initialize                          text7        001190
__end_of_EUSART_OverrunErrorCallbackRegister        text8        00131A
__end_of_EUSART_ReceiveEnable                       text12       00138A
__end_of_EUSART_ReceiveISR                          text19       00112C
__end_of_EUSART_ReceiveInterruptEnable              text11       001386
__end_of_EUSART_TransmitISR                         text18       001262
__end_of_INT0_SetInterruptHandler                   text6        001366
__end_of_INT1_SetInterruptHandler                   text5        00135C
__end_of_INT2_CallBack                              text16       0012BC
__end_of_INT2_ISR                                   text15       001378
__end_of_INT2_SetInterruptHandler                   text4        001352
__end_of_INTERRUPT_Initialize                       text3        0011FC
__end_of_INTERRUPT_InterruptManager                 intcode      0000E0
__end_of_LED_Automatic_Control                      text20       001232
__end_of_LED_Manual_Control                         text17       0012E2
__end_of_PIN_MANAGER_Initialize                     text2        001290
__end_of_SYSTEM_Initialize                          text1        001348
__end_of_UART1                                      smallconst   001031
__end_of__initialization                            cinit        0011BC
__end_of_main                                       text0        0012FE
__initialization                                    cinit        001190
__mediumconst                                       mediumconst  000000
__pbssCOMRAM                                        bssCOMRAM    000001
__pcinit                                            cinit        001190
__pcstackCOMRAM                                     cstackCOMRAM 000034
__pdataCOMRAM                                       dataCOMRAM   000043
__pidataCOMRAM                                      idataCOMRAM  00137E
__pintcode                                          intcode      000008
__pnvCOMRAM                                         nvCOMRAM     00003F
__psmallconst                                       smallconst   001000
__ptext0                                            text0        0012E2
__ptext1                                            text1        001336
__ptext10                                           text10       001366
__ptext11                                           text11       001382
__ptext12                                           text12       001386
__ptext13                                           text13       00138A
__ptext15                                           text15       001370
__ptext16                                           text16       001290
__ptext17                                           text17       0012BC
__ptext18                                           text18       001232
__ptext19                                           text19       001032
__ptext2                                            text2        001262
__ptext20                                           text20       0011FC
__ptext21                                           text21       001378
__ptext22                                           text22       00138E
__ptext23                                           text23       000000
__ptext3                                            text3        0011C6
__ptext4                                            text4        001348
__ptext5                                            text5        001352
__ptext6                                            text6        00135C
__ptext7                                            text7        00112C
__ptext8                                            text8        0012FE
__ptext9                                            text9        00131A
__ramtop                                            ramtop       001000
__smallconst                                        smallconst   001000
_eusartRxBuffer                                     bssCOMRAM    000011
_eusartRxCount                                      bssCOMRAM    00002D
_eusartRxHead                                       bssCOMRAM    00002F
_eusartRxLastError                                  bssCOMRAM    00002B
_eusartRxStatusBuffer                               bssCOMRAM    000001
_eusartRxTail                                       bssCOMRAM    00002E
_eusartTxBuffer                                     bssCOMRAM    000019
_eusartTxBufferRemaining                            bssCOMRAM    000030
_eusartTxHead                                       bssCOMRAM    000032
_eusartTxTail                                       bssCOMRAM    000031
_led_status                                         bssCOMRAM    000033
_main                                               text0        0012E2
btemp                                               temp         000047
end_of_initialization                               cinit        0011BC
int$flags                                           temp         000047
intlevel0                                           text         000000
intlevel1                                           text         000000
intlevel2                                           text         000000
intlevel3                                           text         000000
isa$std                                             (abs)        000001
isa$xinst                                           (abs)        000000
stackhi                                             (abs)        000000
stacklo                                             (abs)        000000
start                                               init         0000E0
start_initialization                                cinit        001190
ttemp5                                              temp         000048
ttemp6                                              temp         00004B
ttemp7                                              temp         00004F
wtemp8                                              temp         000048


MODULE INFORMATION

Module		Function		Class		Link	Load	Size
mcc_generated_files/system/src/interrupt.c
		_INT0_SetInterruptHandler		CODE           	135C	0000	10
		_INT1_SetInterruptHandler		CODE           	1352	0000	10
		_INT2_SetInterruptHandler		CODE           	1348	0000	10
		_INTERRUPT_Initialize		CODE           	11C6	0000	54
		_INTERRUPT_InterruptManager		CODE           	0008	0000	216
		_INT2_CallBack 		CODE           	1290	0000	44
		_INT2_ISR      		CODE           	1370	0000	8

mcc_generated_files/system/src/interrupt.c estimated size: 352

mcc_generated_files/system/src/pins.c
		_PIN_MANAGER_Initialize		CODE           	1262	0000	46

mcc_generated_files/system/src/pins.c estimated size: 46

shared
		__initialization		CODE           	1190	0000	44
		_UART1         		SMALLCONST     	1001	0000	48

shared estimated size: 92

mcc_generated_files/uart/src/eusart.c
		_EUSART_FramingErrorCallbackRegister		CODE           	131A	0000	28
		_EUSART_OverrunErrorCallbackRegister		CODE           	12FE	0000	28
		_EUSART_Enable 		CODE           	138A	0000	4
		_EUSART_DefaultOverrunErrorCallback		CODE           	1378	0000	6
		_EUSART_Initialize		CODE           	112C	0000	100
		_EUSART_ReceiveEnable		CODE           	1386	0000	4
		_EUSART_TransmitISR		CODE           	1232	0000	48
		_EUSART_DefaultFramingErrorCallback		CODE           	138E	0000	2
		_EUSART_ReceiveInterruptEnable		CODE           	1382	0000	4
		_EUSART_ReceiveISR		CODE           	1032	0000	250

mcc_generated_files/uart/src/eusart.c estimated size: 474

mcc_generated_files/system/src/clock.c
		_CLOCK_Initialize		CODE           	1366	0000	10

mcc_generated_files/system/src/clock.c estimated size: 10

main.c
		_main          		CODE           	12E2	0000	28
		_LED_Automatic_Control		CODE           	11FC	0000	54
		_LED_Manual_Control		CODE           	12BC	0000	38

main.c estimated size: 120

mcc_generated_files/system/src/system.c
		_SYSTEM_Initialize		CODE           	1336	0000	18

mcc_generated_files/system/src/system.c estimated size: 18

